2023-12-26 21:11:27,231 -__main__- INFO - test the custom logger
2024-01-01 19:03:31,345 -__main__- INFO - test the custom logger
2024-01-07 16:54:21,351 -__main__- INFO - Called add with args (1, 2) and kwargs {}
2024-01-07 16:54:21,351 -__main__- INFO - add returned 3
2024-01-07 16:54:49,208 -__main__- INFO - Called add with args (1, 2) and kwargs {}
2024-01-07 16:54:49,208 -__main__- INFO - add returned 3
2024-01-07 16:55:11,336 -__main__- INFO - test the custom logger
2024-01-07 16:55:55,853 -__main__- INFO - test the custom logger
2024-01-07 16:55:57,448 -__main__- INFO - test the custom logger
